// Jest Snapshot v1, https://goo.gl/fbAQLP

exports[`<TaskComponent /> renders correctly 1`] = `
<View
  style={
    Object {
      "backgroundColor": "rgba(92,162,255,1)",
      "flex": 1,
    }
  }
>
  <ViewManagerAdapter_ExpoLinearGradient
    proxiedProperties={
      Object {
        "colors": Array [
          4294967295,
          0,
        ],
        "endPoint": undefined,
        "locations": undefined,
        "startPoint": undefined,
      }
    }
    style={
      Object {
        "height": "100%",
        "left": 0,
        "position": "absolute",
        "right": 0,
        "top": 0,
      }
    }
  />
  <Text>
    Face or Fingerprint scanner is not availbale on this device
  </Text>
</View>
`;
