// Jest Snapshot v1, https://goo.gl/fbAQLP

exports[`<TaskComponent /> renders correctly 1`] = `
<View
  style={
    Object {
      "alignItems": "center",
      "backgroundColor": "#ffffff",
      "borderRadius": 10,
      "flexDirection": "row",
      "justifyContent": "space-between",
      "marginTop": 20,
      "padding": 15,
    }
  }
>
  <View
    style={
      Object {
        "alignItems": "center",
        "flexDirection": "row",
        "flexWrap": "wrap",
      }
    }
  >
    <View
      accessible={true}
      focusable={true}
      onClick={[Function]}
      onResponderGrant={[Function]}
      onResponderMove={[Function]}
      onResponderRelease={[Function]}
      onResponderTerminate={[Function]}
      onResponderTerminationRequest={[Function]}
      onStartShouldSetResponder={[Function]}
      style={
        Object {
          "opacity": 1,
        }
      }
      testID="updateTO"
    >
      <Text
        style={Object {}}
      >
        test
      </Text>
    </View>
  </View>
  <View
    accessible={true}
    focusable={true}
    onClick={[Function]}
    onResponderGrant={[Function]}
    onResponderMove={[Function]}
    onResponderRelease={[Function]}
    onResponderTerminate={[Function]}
    onResponderTerminationRequest={[Function]}
    onStartShouldSetResponder={[Function]}
    style={
      Object {
        "alignItems": "center",
        "backgroundColor": "#0068f2",
        "borderRadius": 30,
        "height": 25,
        "justifyContent": "center",
        "opacity": 1,
        "width": 25,
      }
    }
    testID="removeTO"
  >
    <Text />
  </View>
</View>
`;
